
> Next-Gen Dark Mode Super App@0.1.0 build
> next build

  Γû▓ Next.js 14.2.35
  - Environments: .env.local, .env

   Creating an optimized production build ...
 Γ£ô Compiled successfully
   Linting and checking validity of types ...
   Collecting page data ...
   Generating static pages (0/22) ...
node.exe : TypeError: 
Cannot read 
properties of null 
(reading 'name')
At line:1 char:1
+ & "C:\Program Files\
nodejs/node.exe" 
"C:\Program 
Files\nodejs/node_mo 
...
+ ~~~~~~~~~~~~~~~~~~~~
~~~~~~~~~~~~~~~~~~~~~~
~~~~~~~~~~~~~~~~~~~~~~
~~~~~
    + CategoryInfo    
          : NotSpeci  
  fied: (TypeError:   
  Cann...reading '    
name'):String) []    
, RemoteException
    + FullyQualifiedE 
   rrorId : NativeCo  
  mmandError
 
    at w (C:\Users\Bha
rath\Desktop\Next-Gen 
Dark Mode Super App\.n
ext\server\app\service
s\booking\page.js:1:11
122)
    at nj (C:\Users\Bh
arath\Desktop\Next-Gen
 Dark Mode Super App\n
ode_modules\next\dist\
compiled\next-server\a
pp-page.runtime.prod.j
s:12:46252)
    at nM (C:\Users\Bh
arath\Desktop\Next-Gen
 Dark Mode Super App\n
ode_modules\next\dist\
compiled\next-server\a
pp-page.runtime.prod.j
s:12:47572)
    at nL (C:\Users\Bh
arath\Desktop\Next-Gen
 Dark Mode Super App\n
ode_modules\next\dist\
compiled\next-server\a
pp-page.runtime.prod.j
s:12:64547)
    at nI (C:\Users\Bh
arath\Desktop\Next-Gen
 Dark Mode Super App\n
ode_modules\next\dist\
compiled\next-server\a
pp-page.runtime.prod.j
s:12:47011)
    at nM (C:\Users\Bh
arath\Desktop\Next-Gen
 Dark Mode Super App\n
ode_modules\next\dist\
compiled\next-server\a
pp-page.runtime.prod.j
s:12:47718)
    at nL (C:\Users\Bh
arath\Desktop\Next-Gen
 Dark Mode Super App\n
ode_modules\next\dist\
compiled\next-server\a
pp-page.runtime.prod.j
s:12:64547)
    at nB (C:\Users\Bh
arath\Desktop\Next-Gen
 Dark Mode Super App\n
ode_modules\next\dist\
compiled\next-server\a
pp-page.runtime.prod.j
s:12:67539)
    at nM (C:\Users\Bh
arath\Desktop\Next-Gen
 Dark Mode Super App\n
ode_modules\next\dist\
compiled\next-server\a
pp-page.runtime.prod.j
s:12:60047)
    at nL (C:\Users\Bh
arath\Desktop\Next-Gen
 Dark Mode Super App\n
ode_modules\next\dist\
compiled\next-server\a
pp-page.runtime.prod.j
s:12:64547) {
  digest: '2876191010'
}

Error occurred 
prerendering page 
"/services/booking". 
Read more: https://nex
tjs.org/docs/messages/
prerender-error

TypeError: Cannot 
read properties of 
null (reading 'name')
    at w (C:\Users\Bha
rath\Desktop\Next-Gen 
Dark Mode Super App\.n
ext\server\app\service
s\booking\page.js:1:11
122)
    at nj (C:\Users\Bh
arath\Desktop\Next-Gen
 Dark Mode Super App\n
ode_modules\next\dist\
compiled\next-server\a
pp-page.runtime.prod.j
s:12:46252)
    at nM (C:\Users\Bh
arath\Desktop\Next-Gen
 Dark Mode Super App\n
ode_modules\next\dist\
compiled\next-server\a
pp-page.runtime.prod.j
s:12:47572)
    at nL (C:\Users\Bh
arath\Desktop\Next-Gen
 Dark Mode Super App\n
ode_modules\next\dist\
compiled\next-server\a
pp-page.runtime.prod.j
s:12:64547)
    at nI (C:\Users\Bh
arath\Desktop\Next-Gen
 Dark Mode Super App\n
ode_modules\next\dist\
compiled\next-server\a
pp-page.runtime.prod.j
s:12:47011)
    at nM (C:\Users\Bh
arath\Desktop\Next-Gen
 Dark Mode Super App\n
ode_modules\next\dist\
compiled\next-server\a
pp-page.runtime.prod.j
s:12:47718)
    at nL (C:\Users\Bh
arath\Desktop\Next-Gen
 Dark Mode Super App\n
ode_modules\next\dist\
compiled\next-server\a
pp-page.runtime.prod.j
s:12:64547)
    at nB (C:\Users\Bh
arath\Desktop\Next-Gen
 Dark Mode Super App\n
ode_modules\next\dist\
compiled\next-server\a
pp-page.runtime.prod.j
s:12:67539)
    at nM (C:\Users\Bh
arath\Desktop\Next-Gen
 Dark Mode Super App\n
ode_modules\next\dist\
compiled\next-server\a
pp-page.runtime.prod.j
s:12:60047)
    at nL (C:\Users\Bh
arath\Desktop\Next-Gen
 Dark Mode Super App\n
ode_modules\next\dist\
compiled\next-server\a
pp-page.runtime.prod.j
s:12:64547)
   Generating static pages (5/22) 
   Generating static pages (10/22) 
   Generating static pages (16/22) 
 Γ£ô Generating static pages (22/22)

> Export encountered 
errors on following 
paths:
	/services/booking/pag
e: /services/booking
